../Core/Src/GFX.c:32:6:ILI9341_CS_Assert	8	static
../Core/Src/GFX.c:37:6:ILI9341_CS_Deassert	8	static
../Core/Src/GFX.c:42:6:ILI9341_DC_Command	8	static
../Core/Src/GFX.c:47:6:ILI9341_DC_Data	8	static
../Core/Src/GFX.c:56:13:SPI_Write8	16	static
../Core/Src/GFX.c:61:13:SPI_Write16	24	static
../Core/Src/GFX.c:80:6:ILI9341_WriteCommand	16	static
../Core/Src/GFX.c:86:6:ILI9341_WriteData8	16	static
../Core/Src/GFX.c:92:6:ILI9341_WriteData16	16	static
../Core/Src/GFX.c:102:6:ILI9341_SetAddressWindow	24	static
../Core/Src/GFX.c:120:13:ILI9341_HardwareReset	8	static
../Core/Src/GFX.c:134:13:ILI9341_InitRegisters	8	static
../Core/Src/GFX.c:242:6:GFX_Init	16	static
../Core/Src/GFX.c:269:6:GFX_SetRotation	16	static
../Core/Src/GFX.c:308:6:GFX_DrawPixel	24	static
../Core/Src/GFX.c:327:6:GFX_WriteLine	40	static
../Core/Src/GFX.c:373:6:GFX_WriteRect	32	static
../Core/Src/GFX.c:393:6:GFX_WritePerfRect	40	static
../Core/Src/GFX.c:410:6:GFX_FillRect	40	static
../Core/Src/GFX.c:434:6:GFX_FillRectDMA	40	static
../Core/Src/GFX.c:466:6:GFX_FillScreen	40	static
../Core/Src/GFX.c:498:6:fill_dma_buffer	24	static
../Core/Src/GFX.c:511:6:GFX_SetCursor	16	static
../Core/Src/GFX.c:517:6:GFX_SetTextColor	16	static
../Core/Src/GFX.c:522:6:GFX_SetTextColorBG	16	static
../Core/Src/GFX.c:528:6:GFX_SetTextSize	16	static
../Core/Src/GFX.c:533:6:GFX_SetTextWrap	16	static
../Core/Src/GFX.c:542:6:GFX_DrawChar	56	static
../Core/Src/GFX.c:592:6:GFX_Print	48	static
../Core/Src/GFX.c:627:6:GFX_DrawString	24	static
